// Jest Snapshot v1, https://goo.gl/fbAQLP

exports[`renders correctly when loading people 1`] = `
<View
  style={
    Object {
      "alignItems": "center",
      "flex": 1,
      "justifyContent": "center",
      "marginVertical": 12,
    }
  }
>
  <ActivityIndicator
    animating={true}
    color="#fff"
    hidesWhenStopped={true}
    size="large"
  />
</View>
`;
